[    0.000000] Linux version 4.15.0-194-generic (buildd@lcy02-amd64-052) (gcc version 7.5.0 (Ubuntu 7.5.0-3ubuntu1~18.04)) #205-Ubuntu SMP Fri Sep 16 19:49:27 UTC 2022 (Ubuntu 4.15.0-194.205-generic 4.15.18)
[    0.000000] Command line: BOOT_IMAGE=/boot/vmlinuz-4.15.0-194-generic root=LABEL=cloudimg-rootfs ro console=tty1 console=ttyS0
[    0.000000] KERNEL supported cpus:
[    0.000000]   Intel GenuineIntel
[    0.000000]   AMD AuthenticAMD
[    0.000000]   Centaur CentaurHauls
[    0.000000] x86/fpu: Supporting XSAVE feature 0x001: 'x87 floating point registers'
[    0.000000] x86/fpu: Supporting XSAVE feature 0x002: 'SSE registers'
[    0.000000] x86/fpu: Supporting XSAVE feature 0x004: 'AVX registers'
[    0.000000] x86/fpu: xstate_offset[2]:  576, xstate_sizes[2]:  256
[    0.000000] x86/fpu: Enabled xstate features 0x7, context size is 832 bytes, using 'standard' format.
[    0.000000] e820: BIOS-provided physical RAM map:
[    0.000000] BIOS-e820: [mem 0x0000000000000000-0x000000000009fbff] usable
[    0.000000] BIOS-e820: [mem 0x000000000009fc00-0x000000000009ffff] reserved
[    0.000000] BIOS-e820: [mem 0x00000000000f0000-0x00000000000fffff] reserved
[    0.000000] BIOS-e820: [mem 0x0000000000100000-0x000000003ffeffff] usable
[    0.000000] BIOS-e820: [mem 0x000000003fff0000-0x000000003fffffff] ACPI data
[    0.000000] BIOS-e820: [mem 0x00000000fec00000-0x00000000fec00fff] reserved
[    0.000000] BIOS-e820: [mem 0x00000000fee00000-0x00000000fee00fff] reserved
[    0.000000] BIOS-e820: [mem 0x00000000fffc0000-0x00000000ffffffff] reserved
[    0.000000] NX (Execute Disable) protection: active
[    0.000000] SMBIOS 2.5 present.
[    0.000000] DMI: innotek GmbH VirtualBox/VirtualBox, BIOS VirtualBox 12/01/2006
[    0.000000] Hypervisor detected: KVM
[    0.000000] e820: last_pfn = 0x3fff0 max_arch_pfn = 0x400000000
[    0.000000] MTRR: Disabled
[    0.000000] x86/PAT: MTRRs disabled, skipping PAT initialization too.
[    0.000000] CPU MTRRs all blank - virtualized system.
[    0.000000] x86/PAT: Configuration [0-7]: WB  WT  UC- UC  WB  WT  UC- UC  
[    0.000000] found SMP MP-table at [mem 0x0009fff0-0x0009ffff]
[    0.000000] Scanning 1 areas for low memory corruption
[    0.000000] RAMDISK: [mem 0x359cb000-0x36cdcfff]
[    0.000000] ACPI: Early table checksum verification disabled
[    0.000000] ACPI: RSDP 0x00000000000E0000 000024 (v02 VBOX  )
[    0.000000] ACPI: XSDT 0x000000003FFF0030 00003C (v01 VBOX   VBOXXSDT 00000001 ASL  00000061)
[    0.000000] ACPI: FACP 0x000000003FFF00F0 0000F4 (v04 VBOX   VBOXFACP 00000001 ASL  00000061)
[    0.000000] ACPI: DSDT 0x000000003FFF0470 002325 (v02 VBOX   VBOXBIOS 00000002 INTL 20100528)
[    0.000000] ACPI: FACS 0x000000003FFF0200 000040
[    0.000000] ACPI: FACS 0x000000003FFF0200 000040
[    0.000000] ACPI: APIC 0x000000003FFF0240 00005C (v02 VBOX   VBOXAPIC 00000001 ASL  00000061)
[    0.000000] ACPI: SSDT 0x000000003FFF02A0 0001CC (v01 VBOX   VBOXCPUT 00000002 INTL 20100528)
[    0.000000] ACPI: Reserving FACP table memory at [mem 0x3fff00f0-0x3fff01e3]
[    0.000000] ACPI: Reserving DSDT table memory at [mem 0x3fff0470-0x3fff2794]
[    0.000000] ACPI: Reserving FACS table memory at [mem 0x3fff0200-0x3fff023f]
[    0.000000] ACPI: Reserving FACS table memory at [mem 0x3fff0200-0x3fff023f]
[    0.000000] ACPI: Reserving APIC table memory at [mem 0x3fff0240-0x3fff029b]
[    0.000000] ACPI: Reserving SSDT table memory at [mem 0x3fff02a0-0x3fff046b]
[    0.000000] No NUMA configuration found
[    0.000000] Faking a node at [mem 0x0000000000000000-0x000000003ffeffff]
[    0.000000] NODE_DATA(0) allocated [mem 0x3ffc5000-0x3ffeffff]
[    0.000000] kvm-clock: cpu 0, msr 0:3ff44001, primary cpu clock
[    0.000000] kvm-clock: Using msrs 4b564d01 and 4b564d00
[    0.000000] kvm-clock: using sched offset of 4098937825 cycles
[    0.000000] clocksource: kvm-clock: mask: 0xffffffffffffffff max_cycles: 0x1cd42e4dffb, max_idle_ns: 881590591483 ns
[    0.000000] Zone ranges:
[    0.000000]   DMA      [mem 0x0000000000001000-0x0000000000ffffff]
[    0.000000]   DMA32    [mem 0x0000000001000000-0x000000003ffeffff]
[    0.000000]   Normal   empty
[    0.000000]   Device   empty
[    0.000000] Movable zone start for each node
[    0.000000] Early memory node ranges
[    0.000000]   node   0: [mem 0x0000000000001000-0x000000000009efff]
[    0.000000]   node   0: [mem 0x0000000000100000-0x000000003ffeffff]
[    0.000000] Reserved but unavailable: 104 pages
[    0.000000] Initmem setup node 0 [mem 0x0000000000001000-0x000000003ffeffff]
[    0.000000] ACPI: PM-Timer IO Port: 0x4008
[    0.000000] IOAPIC[0]: apic_id 2, version 32, address 0xfec00000, GSI 0-23
[    0.000000] ACPI: INT_SRC_OVR (bus 0 bus_irq 0 global_irq 2 dfl dfl)
[    0.000000] ACPI: INT_SRC_OVR (bus 0 bus_irq 9 global_irq 9 low level)
[    0.000000] Using ACPI (MADT) for SMP configuration information
[    0.000000] smpboot: Allowing 2 CPUs, 0 hotplug CPUs
[    0.000000] PM: Registered nosave memory: [mem 0x00000000-0x00000fff]
[    0.000000] PM: Registered nosave memory: [mem 0x0009f000-0x0009ffff]
[    0.000000] PM: Registered nosave memory: [mem 0x000a0000-0x000effff]
[    0.000000] PM: Registered nosave memory: [mem 0x000f0000-0x000fffff]
[    0.000000] e820: [mem 0x40000000-0xfebfffff] available for PCI devices
[    0.000000] Booting paravirtualized kernel on KVM
[    0.000000] clocksource: refined-jiffies: mask: 0xffffffff max_cycles: 0xffffffff, max_idle_ns: 7645519600211568 ns
[    0.000000] setup_percpu: NR_CPUS:8192 nr_cpumask_bits:2 nr_cpu_ids:2 nr_node_ids:1
[    0.000000] percpu: Embedded 50 pages/cpu s167936 r8192 d28672 u1048576
[    0.000000] PV qspinlock hash table entries: 256 (order: 0, 4096 bytes)
[    0.000000] Built 1 zonelists, mobility grouping on.  Total pages: 257913
[    0.000000] Policy zone: DMA32
[    0.000000] Kernel command line: BOOT_IMAGE=/boot/vmlinuz-4.15.0-194-generic root=LABEL=cloudimg-rootfs ro console=tty1 console=ttyS0
[    0.000000] Memory: 982652K/1048120K available (12300K kernel code, 2477K rwdata, 4320K rodata, 2472K init, 2720K bss, 65468K reserved, 0K cma-reserved)
[    0.000000] SLUB: HWalign=64, Order=0-3, MinObjects=0, CPUs=2, Nodes=1
[    0.000000] ftrace: allocating 39477 entries in 155 pages
[    0.004000] Hierarchical RCU implementation.
[    0.004000] 	RCU restricting CPUs from NR_CPUS=8192 to nr_cpu_ids=2.
[    0.004000] 	Tasks RCU enabled.
[    0.004000] RCU: Adjusting geometry for rcu_fanout_leaf=16, nr_cpu_ids=2
[    0.004000] NR_IRQS: 524544, nr_irqs: 440, preallocated irqs: 16
[    0.004000] random: crng init done
[    0.004000] Console: colour VGA+ 80x25
[    0.004000] console [tty1] enabled
[    0.004000] console [ttyS0] enabled
[    0.004000] ACPI: Core revision 20170831
[    0.004000] ACPI: 2 ACPI AML tables successfully acquired and loaded
[    0.004000] APIC: Switch to symmetric I/O mode setup
[    0.004000] x2apic enabled
[    0.004000] Switched APIC routing to physical x2apic.
[    0.006155] ..TIMER: vector=0x30 apic1=0 pin1=2 apic2=-1 pin2=-1
[    0.008003] tsc: Detected 1689.601 MHz processor
[    0.009467] Calibrating delay loop (skipped) preset value.. 3379.20 BogoMIPS (lpj=6758404)
[    0.012003] pid_max: default: 32768 minimum: 301
[    0.013420] Security Framework initialized
[    0.014680] Yama: becoming mindful.
[    0.016029] AppArmor: AppArmor initialized
[    0.018381] Dentry cache hash table entries: 131072 (order: 8, 1048576 bytes)
[    0.020054] Inode-cache hash table entries: 65536 (order: 7, 524288 bytes)
[    0.022118] Mount-cache hash table entries: 2048 (order: 2, 16384 bytes)
[    0.024007] Mountpoint-cache hash table entries: 2048 (order: 2, 16384 bytes)
[    0.028488] Last level iTLB entries: 4KB 0, 2MB 0, 4MB 0
[    0.030105] Last level dTLB entries: 4KB 0, 2MB 0, 4MB 0, 1GB 0
[    0.032009] Spectre V1 : Mitigation: usercopy/swapgs barriers and __user pointer sanitization
[    0.034482] Spectre V2 : Mitigation: Retpolines
[    0.036002] Spectre V2 : Spectre v2 / SpectreRSB mitigation: Filling RSB on context switch
[    0.038395] Speculative Store Bypass: Vulnerable
[    0.040375] Freeing SMP alternatives memory: 36K
[    0.155804] smpboot: CPU0: 11th Gen Intel(R) Core(TM) i7-1165G7 @ 2.80GHz (family: 0x6, model: 0x8c, stepping: 0x1)
[    0.156000] Performance Events: unsupported p6 CPU model 140 no PMU driver, software events only.
[    0.156078] Hierarchical SRCU implementation.
[    0.161202] NMI watchdog: Perf event create on CPU 0 failed with -2
[    0.164005] NMI watchdog: Perf NMI watchdog permanently disabled
[    0.166346] smp: Bringing up secondary CPUs ...
[    0.168170] x86: Booting SMP configuration:
[    0.169382] .... node  #0, CPUs:      #1
[    0.004000] kvm-clock: cpu 1, msr 0:3ff44041, secondary cpu clock
[    0.174909] smp: Brought up 1 node, 2 CPUs
[    0.176008] smpboot: Max logical packages: 1
[    0.177179] smpboot: Total of 2 processors activated (6758.40 BogoMIPS)
[    0.178901] devtmpfs: initialized
[    0.180102] x86/mm: Memory block size: 128MB
[    0.181560] evm: security.selinux
[    0.182066] evm: security.SMACK64
[    0.182671] evm: security.SMACK64EXEC
[    0.184008] evm: security.SMACK64TRANSMUTE
[    0.185830] evm: security.SMACK64MMAP
[    0.187377] evm: security.apparmor
[    0.188017] evm: security.ima
[    0.189128] evm: security.capability
[    0.192080] clocksource: jiffies: mask: 0xffffffff max_cycles: 0xffffffff, max_idle_ns: 7645041785100000 ns
[    0.194731] futex hash table entries: 512 (order: 3, 32768 bytes)
[    0.196094] pinctrl core: initialized pinctrl subsystem
[    0.198869] RTC time: 22:58:39, date: 11/08/22
[    0.200295] NET: Registered protocol family 16
[    0.202588] audit: initializing netlink subsys (disabled)
[    0.204064] audit: type=2000 audit(1667948324.562:1): state=initialized audit_enabled=0 res=1
[    0.208027] cpuidle: using governor ladder
[    0.209306] cpuidle: using governor menu
[    0.212062] ACPI: bus type PCI registered
[    0.213279] acpiphp: ACPI Hot Plug PCI Controller Driver version: 0.5
[    0.215305] PCI: Using configuration type 1 for base access
[    0.217677] HugeTLB registered 2.00 MiB page size, pre-allocated 0 pages
[    0.220115] ACPI: Added _OSI(Module Device)
[    0.221454] ACPI: Added _OSI(Processor Device)
[    0.224004] ACPI: Added _OSI(3.0 _SCP Extensions)
[    0.225402] ACPI: Added _OSI(Processor Aggregator Device)
[    0.227009] ACPI: Added _OSI(Linux-Dell-Video)
[    0.228003] ACPI: Added _OSI(Linux-Lenovo-NV-HDMI-Audio)
[    0.229563] ACPI: Added _OSI(Linux-HPI-Hybrid-Graphics)
[    0.232501] ACPI: Executed 1 blocks of module-level executable AML code
[    0.240643] ACPI: Interpreter enabled
[    0.242181] ACPI: (supports S0 S5)
[    0.243263] ACPI: Using IOAPIC for interrupt routing
[    0.244391] PCI: Using host bridge windows from ACPI; if necessary, use "pci=nocrs" and report a bug
[    0.248295] ACPI: Enabled 2 GPEs in block 00 to 07
[    0.259696] ACPI: PCI Root Bridge [PCI0] (domain 0000 [bus 00-ff])
[    0.260009] acpi PNP0A03:00: _OSC: OS supports [ASPM ClockPM Segments MSI]
[    0.264093] acpi PNP0A03:00: _OSC: not requesting OS control; OS requires [ExtendedConfig ASPM ClockPM MSI]
[    0.266961] acpi PNP0A03:00: fail to add MMCONFIG information, can't access extended PCI configuration space under this bridge.
[    0.268637] PCI host bridge to bus 0000:00
[    0.272008] pci_bus 0000:00: root bus resource [io  0x0000-0x0cf7 window]
[    0.274128] pci_bus 0000:00: root bus resource [io  0x0d00-0xffff window]
[    0.276004] pci_bus 0000:00: root bus resource [mem 0x000a0000-0x000bffff window]
[    0.278199] pci_bus 0000:00: root bus resource [mem 0x40000000-0xfdffffff window]
[    0.280005] pci_bus 0000:00: root bus resource [bus 00-ff]
[    0.286680] pci 0000:00:01.1: legacy IDE quirk: reg 0x10: [io  0x01f0-0x01f7]
[    0.288005] pci 0000:00:01.1: legacy IDE quirk: reg 0x14: [io  0x03f6]
[    0.292004] pci 0000:00:01.1: legacy IDE quirk: reg 0x18: [io  0x0170-0x0177]
[    0.293859] pci 0000:00:01.1: legacy IDE quirk: reg 0x1c: [io  0x0376]
[    0.312548] pci 0000:00:07.0: quirk: [io  0x4000-0x403f] claimed by PIIX4 ACPI
[    0.315412] pci 0000:00:07.0: quirk: [io  0x4100-0x410f] claimed by PIIX4 SMB
[    0.324747] ACPI: PCI Interrupt Link [LNKA] (IRQs 5 9 10 *11)
[    0.327781] ACPI: PCI Interrupt Link [LNKB] (IRQs 5 9 *10 11)
[    0.328176] ACPI: PCI Interrupt Link [LNKC] (IRQs 5 *9 10 11)
[    0.330334] ACPI: PCI Interrupt Link [LNKD] (IRQs 5 9 10 *11)
[    0.332478] SCSI subsystem initialized
[    0.333730] pci 0000:00:02.0: vgaarb: setting as boot VGA device
[    0.333937] pci 0000:00:02.0: vgaarb: VGA device added: decodes=io+mem,owns=io+mem,locks=none
[    0.336020] pci 0000:00:02.0: vgaarb: bridge control possible
[    0.340002] vgaarb: loaded
[    0.340914] ACPI: bus type USB registered
[    0.342188] usbcore: registered new interface driver usbfs
[    0.344004] usbcore: registered new interface driver hub
[    0.345543] usbcore: registered new device driver usb
[    0.348075] EDAC MC: Ver: 3.0.0
[    0.349396] PCI: Using ACPI for IRQ routing
[    0.352344] NetLabel: Initializing
[    0.353410] NetLabel:  domain hash size = 128
[    0.354699] NetLabel:  protocols = UNLABELED CIPSOv4 CALIPSO
[    0.356033] NetLabel:  unlabeled traffic allowed by default
[    0.357636] clocksource: Switched to clocksource kvm-clock
[    0.374938] VFS: Disk quotas dquot_6.6.0
[    0.376190] VFS: Dquot-cache hash table entries: 512 (order 0, 4096 bytes)
[    0.378477] AppArmor: AppArmor Filesystem Enabled
[    0.379887] pnp: PnP ACPI init
[    0.382490] pnp: PnP ACPI: found 3 devices
[    0.394748] clocksource: acpi_pm: mask: 0xffffff max_cycles: 0xffffff, max_idle_ns: 2085701024 ns
[    0.397515] NET: Registered protocol family 2
[    0.399276] IP idents hash table entries: 16384 (order: 5, 131072 bytes)
[    0.404335] TCP established hash table entries: 8192 (order: 4, 65536 bytes)
[    0.418060] TCP bind hash table entries: 8192 (order: 5, 131072 bytes)
[    0.421135] TCP: Hash tables configured (established 8192 bind 8192)
[    0.423006] UDP hash table entries: 512 (order: 2, 16384 bytes)
[    0.424912] UDP-Lite hash table entries: 512 (order: 2, 16384 bytes)
[    0.426778] NET: Registered protocol family 1
[    0.428120] pci 0000:00:00.0: Limiting direct PCI/PCI transfers
[    0.429855] pci 0000:00:01.0: Activating ISA DMA hang workarounds
[    0.431361] pci 0000:00:02.0: Video device with shadowed ROM at [mem 0x000c0000-0x000dffff]
[    0.434636] Unpacking initramfs...
[    0.971055] Freeing initrd memory: 19528K
[    0.972549] clocksource: tsc: mask: 0xffffffffffffffff max_cycles: 0x185ac7ac208, max_idle_ns: 440795203025 ns
[    0.976030] platform rtc_cmos: registered platform RTC device (no PNP device found)
[    0.978592] Scanning for low memory corruption every 60 seconds
[    0.981561] Initialise system trusted keyrings
[    0.983294] Key type blacklist registered
[    0.984770] workingset: timestamp_bits=36 max_order=18 bucket_order=0
[    0.988490] zbud: loaded
[    0.990203] squashfs: version 4.0 (2009/01/31) Phillip Lougher
[    0.992545] fuse init (API version 7.26)
[    0.996506] Key type asymmetric registered
[    0.998441] Asymmetric key parser 'x509' registered
[    0.999576] Block layer SCSI generic (bsg) driver version 0.4 loaded (major 246)
[    1.002940] io scheduler noop registered
[    1.004161] io scheduler deadline registered
[    1.005769] io scheduler cfq registered (default)
[    1.007381] ACPI: AC Adapter [AC] (off-line)
[    1.008845] input: Power Button as /devices/LNXSYSTM:00/LNXPWRBN:00/input/input0
[    1.010373] ACPI: Power Button [PWRF]
[    1.010955] input: Sleep Button as /devices/LNXSYSTM:00/LNXSLPBN:00/input/input1
[    1.012062] ACPI: Sleep Button [SLPF]
[    1.014902] ACPI: Battery Slot [BAT0] (battery present)
[    1.016248] Serial: 8250/16550 driver, 32 ports, IRQ sharing enabled
[    1.040191] 00:02: ttyS0 at I/O 0x3f8 (irq = 4, base_baud = 115200) is a 16550A
[    1.045260] Linux agpgart interface v0.103
[    1.048819] loop: module loaded
[    1.051047] scsi host0: ata_piix
[    1.052673] scsi host1: ata_piix
[    1.054836] ata1: PATA max UDMA/33 cmd 0x1f0 ctl 0x3f6 bmdma 0xd000 irq 14
[    1.057656] ata2: PATA max UDMA/33 cmd 0x170 ctl 0x376 bmdma 0xd008 irq 15
[    1.059784] tun: Universal TUN/TAP device driver, 1.6
[    1.061452] PPP generic driver version 2.4.2
[    1.062667] ehci_hcd: USB 2.0 'Enhanced' Host Controller (EHCI) Driver
[    1.064649] ehci-pci: EHCI PCI platform driver
[    1.065987] ehci-platform: EHCI generic platform driver
[    1.067191] ohci_hcd: USB 1.1 'Open' Host Controller (OHCI) Driver
[    1.068710] ohci-pci: OHCI PCI platform driver
[    1.070083] ohci-platform: OHCI generic platform driver
[    1.071521] uhci_hcd: USB Universal Host Controller Interface driver
[    1.073374] i8042: PNP: PS/2 Controller [PNP0303:PS2K,PNP0f03:PS2M] at 0x60,0x64 irq 1,12
[    1.076495] serio: i8042 KBD port at 0x60,0x64 irq 1
[    1.078082] serio: i8042 AUX port at 0x60,0x64 irq 12
[    1.079783] mousedev: PS/2 mouse device common for all mice
[    1.081921] input: AT Translated Set 2 keyboard as /devices/platform/i8042/serio0/input/input2
[    1.085315] rtc_cmos rtc_cmos: rtc core: registered rtc_cmos as rtc0
[    1.087763] rtc_cmos rtc_cmos: alarms up to one day, 114 bytes nvram
[    1.089826] i2c /dev entries driver
[    1.091051] device-mapper: uevent: version 1.0.3
[    1.092539] device-mapper: ioctl: 4.37.0-ioctl (2017-09-20) initialised: dm-devel@redhat.com
[    1.095754] ledtrig-cpu: registered to indicate activity on CPUs
[    1.098321] NET: Registered protocol family 10
[    1.104885] Segment Routing with IPv6
[    1.106893] NET: Registered protocol family 17
[    1.108381] Key type dns_resolver registered
[    1.109869] mce: Using 0 MCE banks
[    1.110925] RAS: Correctable Errors collector initialized.
[    1.112575] sched_clock: Marking stable (1112548468, 0)->(1373876286, -261327818)
[    1.115379] registered taskstats version 1
[    1.116810] Loading compiled-in X.509 certificates
[    1.122038] Loaded X.509 cert 'Build time autogenerated kernel key: 6303a3b02fa1c7713b8a75ba7ba622fabd5dd271'
[    1.125994] Loaded X.509 cert 'Canonical Ltd. Live Patch Signing: 14df34d1a87cf37625abec039ef2bf521249b969'
[    1.129944] Loaded X.509 cert 'Canonical Ltd. Kernel Module Signing: 88f752e560a1e0737e31163a466ad7b70a850c19'
[    1.132827] blacklist: Loading compiled-in revocation X.509 certificates
[    1.134488] Loaded X.509 cert 'Canonical Ltd. Secure Boot Signing: 61482aa2830d0ab2ad5af10b7250da9033ddcef0'
[    1.137460] zswap: loaded using pool lzo/zbud
[    1.143635] Key type big_key registered
[    1.144880] Key type trusted registered
[    1.147766] Key type encrypted registered
[    1.149328] AppArmor: AppArmor sha1 policy hashing enabled
[    1.150524] ima: No TPM chip found, activating TPM-bypass! (rc=-19)
[    1.151732] ima: Allocated hash algorithm: sha1
[    1.153106] evm: HMAC attrs: 0x1
[    1.154490]   Magic number: 14:409:1007
[    1.155825] rtc_cmos rtc_cmos: setting system clock to 2022-11-08 22:58:40 UTC (1667948320)
[    1.158520] BIOS EDD facility v0.16 2004-Jun-25, 0 devices found
[    1.160313] EDD information not available.
[    1.622560] Freeing unused kernel image memory: 2472K
[    1.636038] Write protecting the kernel read-only data: 20480k
[    1.639693] Freeing unused kernel image memory: 2008K
[    1.641607] Freeing unused kernel image memory: 1824K
[    1.651885] x86/mm: Checked W+X mappings: passed, no W+X pages found.
Loading, please wait...
starting version 237
[    1.757341] Fusion MPT base driver 3.04.20
[    1.759364] Copyright (c) 1999-2008 LSI Corporation
[    1.791191] e1000: Intel(R) PRO/1000 Network Driver - version 7.3.21-k8-NAPI
[    1.795010] e1000: Copyright (c) 1999-2006 Intel Corporation.
[    1.816465] Fusion MPT SPI Host driver 3.04.20
[    1.828964] AVX2 version of gcm_enc/dec engaged.
[    1.831961] AES CTR mode by8 optimization enabled
[    2.006822] input: ImExPS/2 Generic Explorer Mouse as /devices/platform/i8042/serio1/input/input4
[    2.272606] e1000 0000:00:03.0 eth0: (PCI:33MHz:32-bit) 02:d4:40:b8:a4:a0
[    2.275858] e1000 0000:00:03.0 eth0: Intel(R) PRO/1000 Network Connection
[    2.280110] mptbase: ioc0: Initiating bringup
[    2.280500] e1000 0000:00:03.0 enp0s3: renamed from eth0
[    2.774166] ioc0: LSI53C1030 A0: Capabilities={Initiator}
[    4.991940] scsi host2: ioc0: LSI53C1030 A0, FwRev=00000000h, Ports=1, MaxQ=256, IRQ=20
[    7.006337] scsi 2:0:0:0: Direct-Access     VBOX     HARDDISK         1.0  PQ: 0 ANSI: 5
[    7.040043] scsi target2:0:0: Beginning Domain Validation
[    7.044705] scsi target2:0:0: Domain Validation skipping write tests
[    7.047653] scsi target2:0:0: Ending Domain Validation
[    7.050569] scsi target2:0:0: asynchronous
[    7.053897] scsi 2:0:1:0: Direct-Access     VBOX     HARDDISK         1.0  PQ: 0 ANSI: 5
[    7.088058] scsi target2:0:1: Beginning Domain Validation
[    7.095226] scsi target2:0:1: Domain Validation skipping write tests
[    7.097071] scsi target2:0:1: Ending Domain Validation
[    7.098622] scsi target2:0:1: asynchronous
[    7.105888] sd 2:0:0:0: Attached scsi generic sg0 type 0
[    7.105980] sd 2:0:0:0: [sda] 83886080 512-byte logical blocks: (42.9 GB/40.0 GiB)
[    7.110701] sd 2:0:0:0: [sda] Write Protect is off
[    7.112220] sd 2:0:1:0: Attached scsi generic sg1 type 0
[    7.112332] sd 2:0:1:0: [sdb] 20480 512-byte logical blocks: (10.5 MB/10.0 MiB)
[    7.114470] sd 2:0:0:0: [sda] Incomplete mode parameter data
[    7.116674] sd 2:0:1:0: [sdb] Write Protect is off
[    7.116832] sd 2:0:1:0: [sdb] Incomplete mode parameter data
[    7.118758] sd 2:0:0:0: [sda] Assuming drive cache: write through
[    7.121772] sd 2:0:1:0: [sdb] Assuming drive cache: write through
[    7.134248]  sda: sda1
[    7.135477] sd 2:0:1:0: [sdb] Attached SCSI disk
[    7.138045] sd 2:0:0:0: [sda] Attached SCSI disk
Begin: Loading essential drivers ... [    8.864061] raid6: sse2x1   gen()  6131 MB/s
[    8.912077] raid6: sse2x1   xor()  3467 MB/s
[    8.960097] raid6: sse2x2   gen()  7775 MB/s
[    9.008065] raid6: sse2x2   xor()  4847 MB/s
[    9.056057] raid6: sse2x4   gen()  8910 MB/s
[    9.104116] raid6: sse2x4   xor()  5253 MB/s
[    9.152045] raid6: avx2x1   gen() 12670 MB/s
[    9.200137] raid6: avx2x1   xor()  7720 MB/s
[    9.248104] raid6: avx2x2   gen() 14782 MB/s
[    9.296097] raid6: avx2x2   xor()  9752 MB/s
[    9.344059] raid6: avx2x4   gen() 15161 MB/s
[    9.392086] raid6: avx2x4   xor()  9141 MB/s
[    9.393411] raid6: using algorithm avx2x4 gen() 15161 MB/s
[    9.395152] raid6: .... xor() 9141 MB/s, rmw enabled
[    9.396641] raid6: using avx2x2 recovery algorithm
[    9.400117] xor: automatically using best checksumming function   avx       
[    9.402180] async_tx: api initialized (async)
done.
Begin: Running /scripts/init-premount ... done.
Begin: Mounting root file system ... Begin: Running /scripts/local-top ... done.
Begin: Running /scripts/local-premount ... [    9.483137] Btrfs loaded, crc32c=crc32c-intel
Scanning for Btrfs filesystems
done.
Warning: fsck not present, so skipping root file system
[    9.521462] EXT4-fs (sda1): mounted filesystem with ordered data mode. Opts: (null)
done.
Begin: Running /scripts/local-bottom ... done.
Begin: Running /scripts/init-bottom ... done.
[    9.714115] ip_tables: (C) 2000-2006 Netfilter Core Team
[    9.725758] systemd[1]: systemd 237 running in system mode. (+PAM +AUDIT +SELINUX +IMA +APPARMOR +SMACK +SYSVINIT +UTMP +LIBCRYPTSETUP +GCRYPT +GNUTLS +ACL +XZ +LZ4 +SECCOMP +BLKID +ELFUTILS +KMOD -IDN2 +IDN -PCRE2 default-hierarchy=hybrid)
[    9.732961] systemd[1]: Detected virtualization oracle.
[    9.734467] systemd[1]: Detected architecture x86-64.

Welcome to [1mUbuntu 18.04.6 LTS[0m!

[    9.743657] systemd[1]: Set hostname to <ubuntu>.
[    9.748720] systemd[1]: Initializing machine ID from random generator.
[    9.750322] systemd[1]: Installed transient /etc/machine-id file.
[   10.045118] systemd[1]: Set up automount Arbitrary Executable File Formats File System Automount Point.
[[0;32m  OK  [0m] Set up automount Arbitrary Executabâ€¦rmats File System Automount Point.
[   10.629730] systemd[1]: Reached target System Time Synchronized.
[[0;32m  OK  [0m] Reached target System Time Synchronized.
[   10.636053] systemd[1]: Created slice User and Session Slice.
[[0;32m  OK  [0m] Created slice User and Session Slice.
[   10.842349] systemd[1]: Reached target User and Group Name Lookups.
[[0;32m  OK  [0m] Reached target User and Group Name Lookups.
[[0;32m  OK  [0m] Started Forward Password Requests to Wall Directory Watch.
[[0;32m  OK  [0m] Created slice System Slice.
[[0;32m  OK  [0m] Listening on udev Control Socket.
[[0;32m  OK  [0m] Listening on /dev/initctl Compatibility Named Pipe.
[[0;32m  OK  [0m] Reached target Slices.
[[0;32m  OK  [0m] Listening on LVM2 metadata daemon socket.
[[0;32m  OK  [0m] Created slice system-serial\x2dgetty.slice.
[[0;32m  OK  [0m] Listening on Syslog Socket.
[[0;32m  OK  [0m] Listening on Journal Socket.
         Mounting Huge Pages File System...
[[0;32m  OK  [0m] Listening on Network Service Netlink Socket.
         Mounting Kernel Debug File System...
[[0;32m  OK  [0m] Listening on Journal Socket (/dev/log).
         Starting Create list of required stâ€¦ce nodes for the current kernel...
[[0;32m  OK  [0m] Listening on Journal Audit Socket.
[[0;32m  OK  [0m] Listening on udev Kernel Socket.
         Starting udev Coldplug all Devices...
         Starting Journal Service...
         Mounting POSIX Message Queue File System...
[[0;32m  OK  [0m] Listening on Device-mapper event daemon FIFOs.
         Starting Monitoring of LVM2 mirrorsâ€¦ng dmeventd or progress polling...
[[0;32m  OK  [0m] Listening on fsck to fsckd communication Socket.
         Starting File System Check on Root Device...
[[0;32m  OK  [0m] Reached target Swap.
         Starting Uncomplicated firewall...
[[0;32m  OK  [0m] Listening on LVM2 poll daemon socket.
         Starting Set the console keyboard layout...
         Starting Load Kernel Modules...
[[0;32m  OK  [0m] Started Journal Service.
[[0;32m  OK  [0m] Mounted Huge Pages File System.
[[0;32m  OK  [0m] Mounted Kernel Debug File System.
[[0;32m  OK  [0m] Started Create list of required staâ€¦vice nodes for the current kernel.
[[0;32m  OK  [0m] Mounted POSIX Message Queue File System.
[[0;32m  OK  [0m] Started Uncomplicated firewall.
[[0;32m  OK  [0m] Started LVM2 metadata daemon.
[   12.026149] Loading iSCSI transport class v2.0-870.
[   12.038464] iscsi: registered transport (tcp)
[[0;32m  OK  [0m] Started File System Check Daemon to report status.
         Starting Create Static Device Nodes in /dev...
[[0;32m  OK  [0m] Started udev Coldplug all Devices.
[[0;32m  OK  [0m] Started File System Check on Root Device.
         Starting Remount Root and Kernel File Systems...
[[0;32m  OK  [0m] Started Create Static Device Nodes in /dev.
[[0;32m  OK  [0m] Started Monitoring of LVM2 mirrors,â€¦sing dmeventd or progress polling.
[   12.164641] iscsi: registered transport (iser)
[[0;32m  OK  [0m] Started Load Kernel Modules.
         Starting Apply Kernel Variables...
[   12.177438] EXT4-fs (sda1): re-mounted. Opts: (null)
         Mounting FUSE Control File System...
         Mounting Kernel Configuration File System...
[[0;32m  OK  [0m] Mounted Kernel Configuration File System.
[[0;32m  OK  [0m] Mounted FUSE Control File System.
[[0;32m  OK  [0m] Started Remount Root and Kernel File Systems.
[[0;32m  OK  [0m] Started Apply Kernel Variables.
         Starting udev Kernel Device Manager...
         Starting Flush Journal to Persistent Storage...
         Starting Load/Save Random Seed...
[[0;32m  OK  [0m] Started Set the console keyboard layout.
[[0;32m  OK  [0m] Reached target Local File Systems (Pre).
[[0;32m  OK  [0m] Reached target Local File Systems.
         Starting Set console font and keymap...
         Starting Tell Plymouth To Write Out Runtime Data...
         Starting AppArmor initialization...
         Starting Commit a transient machine-id on disk...
         Starting ebtables ruleset management...
[[0;32m  OK  [0m] Started udev Kernel Device Manager.
[[0;32m  OK  [0m] Started Load/Save Random Seed.
[[0;32m  OK  [0m] Started Dispatch Password Requests to Console Directory Watch.
[[0;32m  OK  [0m] Reached target Local Encrypted Volumes.
[[0;32m  OK  [0m] Started Set console font and keymap.
[[0;32m  OK  [0m] Started Tell Plymouth To Write Out Runtime Data.
[[0;32m  OK  [0m] Started Commit a transient machine-id on disk.
[[0;32m  OK  [0m] Started Flush Journal to Persistent Storage.
         Starting Create Volatile Files and Directories...
[[0;32m  OK  [0m] Started Create Volatile Files and Directories.
         Starting Update UTMP about System Boot/Shutdown...
[[0;32m  OK  [0m] Started Update UTMP about System Boot/Shutdown.
[[0;32m  OK  [0m] Started ebtables ruleset management.
[[0;32m  OK  [0m] Found device /dev/ttyS0.
[[0;32m  OK  [0m] Listening on Load/Save RF Kill Switch Status /dev/rfkill Watch.
         Mounting Arbitrary Executable File Formats File System...
[[0;32m  OK  [0m] Mounted Arbitrary Executable File Formats File System.
[[0;32m  OK  [0m] Started AppArmor initialization.
         Starting Load AppArmor profiles managed internally by snapd...
         Starting Initial cloud-init job (pre-networking)...
[[0;32m  OK  [0m] Started Load AppArmor profiles managed internally by snapd.
[   15.614425] cloud-init[565]: Cloud-init v. 22.3.4-0ubuntu1~18.04.1 running 'init-local' at Tue, 08 Nov 2022 22:58:54 +0000. Up 15.11 seconds.
[[0;32m  OK  [0m] Started Initial cloud-init job (pre-networking).
[[0;32m  OK  [0m] Reached target Network (Pre).
         Starting Network Service...
[[0;32m  OK  [0m] Started Network Service.
         Starting Network Name Resolution...
         Starting Wait for Network to be Configured...
[[0;32m  OK  [0m] Started Network Name Resolution.
[[0;32m  OK  [0m] Reached target Host and Network Name Lookups.
[[0;32m  OK  [0m] Reached target Network.
[[0;32m  OK  [0m] Started Wait for Network to be Configured.
         Starting Initial cloud-init job (metadata service crawler)...
[   18.225327] cloud-init[693]: Cloud-init v. 22.3.4-0ubuntu1~18.04.1 running 'init' at Tue, 08 Nov 2022 22:58:57 +0000. Up 18.01 seconds.
[   18.227827] cloud-init[693]: ci-info: ++++++++++++++++++++++++++++++++++++++Net device info++++++++++++++++++++++++++++++++++++++
[   18.231820] cloud-init[693]: ci-info: +--------+------+----------------------------+---------------+--------+-------------------+
[   18.235272] cloud-init[693]: ci-info: | Device |  Up  |          Address           |      Mask     | Scope  |     Hw-Address    |
[   18.238571] cloud-init[693]: ci-info: +--------+------+----------------------------+---------------+--------+-------------------+
[   18.241931] cloud-init[693]: ci-info: | enp0s3 | True |         10.0.2.15          | 255.255.255.0 | global | 02:d4:40:b8:a4:a0 |
[   18.245316] cloud-init[693]: ci-info: | enp0s3 | True | fe80::d4:40ff:feb8:a4a0/64 |       .       |  link  | 02:d4:40:b8:a4:a0 |
[   18.248622] cloud-init[693]: ci-info: |   lo   | True |         127.0.0.1          |   255.0.0.0   |  host  |         .         |
[   18.251836] cloud-init[693]: ci-info: |   lo   | True |          ::1/128           |       .       |  host  |         .         |
[   18.255105] cloud-init[693]: ci-info: +--------+------+----------------------------+---------------+--------+-------------------+
[   18.257634] cloud-init[693]: ci-info: ++++++++++++++++++++++++++++Route IPv4 info+++++++++++++++++++++++++++++
[   18.258892] cloud-init[693]: ci-info: +-------+-------------+----------+-----------------+-----------+-------+
[   18.260358] cloud-init[693]: ci-info: | Route | Destination | Gateway  |     Genmask     | Interface | Flags |
[   18.261623] cloud-init[693]: ci-info: +-------+-------------+----------+-----------------+-----------+-------+
[   18.264496] cloud-init[693]: ci-info: |   0   |   0.0.0.0   | 10.0.2.2 |     0.0.0.0     |   enp0s3  |   UG  |
[   18.267546] cloud-init[693]: ci-info: |   1   |   10.0.2.0  | 0.0.0.0  |  255.255.255.0  |   enp0s3  |   U   |
[   18.270392] cloud-init[693]: ci-info: |   2   |   10.0.2.2  | 0.0.0.0  | 255.255.255.255 |   enp0s3  |   UH  |
[   18.273319] cloud-init[693]: ci-info: +-------+-------------+----------+-----------------+-----------+-------+
[   18.277961] cloud-init[693]: ci-info: +++++++++++++++++++Route IPv6 info+++++++++++++++++++
[   18.280628] cloud-init[693]: ci-info: +-------+-------------+---------+-----------+-------+
[   18.283257] cloud-init[693]: ci-info: | Route | Destination | Gateway | Interface | Flags |
[   18.284839] cloud-init[693]: ci-info: +-------+-------------+---------+-----------+-------+
[   18.286510] cloud-init[693]: ci-info: |   1   |  fe80::/64  |    ::   |   enp0s3  |   U   |
[   18.289004] cloud-init[693]: ci-info: |   3   |    local    |    ::   |   enp0s3  |   U   |
[   18.291778] cloud-init[693]: ci-info: |   4   |   ff00::/8  |    ::   |   enp0s3  |   U   |
[   18.294273] cloud-init[693]: ci-info: +-------+-------------+---------+-----------+-------+
[   18.964163] cloud-init[693]: Generating public/private rsa key pair.
[   18.965026] cloud-init[693]: Your identification has been saved in /etc/ssh/ssh_host_rsa_key.
[   18.966772] cloud-init[693]: Your public key has been saved in /etc/ssh/ssh_host_rsa_key.pub.
[   18.968926] cloud-init[693]: The key fingerprint is:
[   18.970461] cloud-init[693]: SHA256:93Kx5HfYe7319YgEqRtxjBiHqhCqGCOQWB3AwsRrMIQ root@ubuntu-bionic
[   18.973223] cloud-init[693]: The key's randomart image is:
[   18.975081] cloud-init[693]: +---[RSA 2048]----+
[   18.976812] cloud-init[693]: |*+oo..           |
[   18.978721] cloud-init[693]: |E=. .  .         |
[   18.980390] cloud-init[693]: |*o.   o .        |
[   18.982079] cloud-init[693]: |o+   . + o .     |
[   18.983701] cloud-init[693]: |B   . . S * o    |
[   18.985355] cloud-init[693]: |++ .     = = o o |
[   18.986883] cloud-init[693]: |o .     o . * o *|
[   18.987795] cloud-init[693]: |         o + o oO|
[   18.988743] cloud-init[693]: |        .   . .o=|
[   18.989986] cloud-init[693]: +----[SHA256]-----+
[   18.991230] cloud-init[693]: Generating public/private dsa key pair.
[   18.992986] cloud-init[693]: Your identification has been saved in /etc/ssh/ssh_host_dsa_key.
[   18.994616] cloud-init[693]: Your public key has been saved in /etc/ssh/ssh_host_dsa_key.pub.
[   18.996786] cloud-init[693]: The key fingerprint is:
[   18.998339] cloud-init[693]: SHA256:c4yGUzd1bii6//qBFcaSpY724j606diNKlmbx/koTyk root@ubuntu-bionic
[   19.000899] cloud-init[693]: The key's randomart image is:
[   19.002681] cloud-init[693]: +---[DSA 1024]----+
[   19.003975] cloud-init[693]: |            o .  |
[   19.005639] cloud-init[693]: |           * +   |
[   19.007259] cloud-init[693]: |        . B = o  |
[   19.008963] cloud-init[693]: |       o B = o   |
[   19.010651] cloud-init[693]: |      o S + .    |
[   19.012498] cloud-init[693]: |      .+.* o     |
[   19.013382] cloud-init[693]: |     oE==+o .    |
[   19.014748] cloud-init[693]: |    o +*B*   .   |
[   19.015931] cloud-init[693]: |     .oBOo=+o    |
[   19.017626] cloud-init[693]: +----[SHA256]-----+
[   19.018650] cloud-init[693]: Generating public/private ecdsa key pair.
[   19.020328] cloud-init[693]: Your identification has been saved in /etc/ssh/ssh_host_ecdsa_key.
[   19.021912] cloud-init[693]: Your public key has been saved in /etc/ssh/ssh_host_ecdsa_key.pub.
[   19.023087] cloud-init[693]: The key fingerprint is:
[[0;32m  OK  [0m[   19.036249] cloud-init[693]: SHA256:6KczGWxWZ8RIcX9mziYvAZT725eKLM2DWPHmarpAygg root@ubuntu-bionic
[   19.037119] cloud-init[693]: The key's randomart image is:
[   19.038028] cloud-init[693]: +---[ECDSA 256]---+
[   19.038693] cloud-init[693]: |       .o+o.     |
[   19.038795] cloud-init[693]: |        .o+.     |
[   19.039569] cloud-init[693]: |         .... +  |
[   19.040356] cloud-init[693]: |       ...+. *   |
[   19.041202] cloud-init[693]: |E    o..Soo.o +  |
[   19.042286] cloud-init[693]: |. o o.=  . o.=   |
[   19.042537] cloud-init[693]: | . o +.o+ * .o. .|
[   19.042775] cloud-init[693]: |      =+ +.=o....|
[   19.043637] cloud-init[693]: |      .=+.oo.... |
[   19.044796] cloud-init[693]: +----[SHA256]-----+
[   19.045597] cloud-init[693]: Generating public/private ed25519 key pair.
[   19.046417] cloud-init[693]: Your identification has been saved in /etc/ssh/ssh_host_ed25519_key.
[   19.046984] cloud-init[693]: Your public key has been saved in /etc/ssh/ssh_host_ed25519_key.pub.
[   19.047316] cloud-init[693]: The key fingerprint is:
[   19.048634] cloud-init[693]: SHA256:S5qXENL1VvuEoIr3JFoQ1Bz2eRWbCDKuJW8lpdJxvC4 root@ubuntu-bionic
[   19.049420] cloud-init[693]: The key's randomart image is:
[   19.050229] cloud-init[693]: +--[ED25519 256]--+
[   19.051012] cloud-init[693]: |   .oo*o= . +.   |
[   19.051803] cloud-init[693]: |     *oX.= = =   |
[   19.052868] cloud-init[693]: |    = O =.= = .  |
[   19.053641] cloud-init[693]: |     X =.o   o   |
[   19.054454] cloud-init[693]: |    o O.S     .  |
[   19.055253] cloud-init[693]: |     =EO.o       |
[   19.056328] cloud-init[693]: |    . o.=        |
[   19.057116] cloud-init[693]: |       .         |
[   19.057945] cloud-init[693]: |                 |
[   19.058743] cloud-init[693]: +----[SHA256]-----+
] Started Initial cloud-init job (metadata service crawler).
[[0;32m  OK  [0m] Reached target Cloud-config availability.
[[0;32m  OK  [0m] Reached target Network is Online.
         Starting Availability of block devices...
[[0;32m  OK  [0m] Reached target Remote File Systems (Pre).
[[0;32m  OK  [0m] Reached target Remote File Systems.
[[0;32m  OK  [0m] Reached target System Initialization.
[[0;32m  OK  [0m] Started Discard unused blocks once a week.
         Starting Socket activation for snappy daemon.
[[0;32m  OK  [0m] Started Daily apt download activities.
[[0;32m  OK  [0m] Listening on ACPID Listen Socket.
[[0;32m  OK  [0m] Started Message of the Day.
[[0;32m  OK  [0m] Listening on Open-iSCSI iscsid Socket.
[[0;32m  OK  [0m] Started Daily Cleanup of Temporary Directories.
[[0;32m  OK  [0m] Started Daily apt upgrade and clean activities.
[[0;32m  OK  [0m] Started ACPI Events Check.
[[0;32m  OK  [0m] Listening on D-Bus System Message Bus Socket.
[[0;32m  OK  [0m] Reached target Paths.
[[0;32m  OK  [0m] Listening on cloud-init hotplug hook socket.
[[0;32m  OK  [0m] Started Ubuntu Advantage Timer for running repeated jobs.
[[0;32m  OK  [0m] Reached target Timers.
         Starting LXD - unix socket.
[[0;32m  OK  [0m] Listening on UUID daemon activation socket.
[[0;32m  OK  [0m] Started Availability of block devices.
[[0;32m  OK  [0m] Listening on Socket activation for snappy daemon.
[[0;32m  OK  [0m] Listening on LXD - unix socket.
[[0;32m  OK  [0m] Reached target Sockets.
[[0;32m  OK  [0m] Reached target Basic System.
         Starting Accounts Service...
         Starting LSB: automatic crash report generation...
         Starting Virtualbox guest utils...
[[0;32m  OK  [0m] Started Regular background program processing daemon.
[[0;32m  OK  [0m] Started FUSE filesystem for LXC.
         Starting System Logging Service...
         Starting LSB: Record successful boot for GRUB...
[[0;32m  OK  [0m] Started D-Bus System Message Bus.
         Starting Dispatcher daemon for systemd-networkd...
[[0;32m  OK  [0m] Started irqbalance daemon.
         Starting Pollinate to seed the pseudo random number generator...
[[0;32m  OK  [0m] Reached target Login Prompts (Pre).
[[0;32m  OK  [0m] Started Deferred execution scheduler.
         Starting Login Service...
         Starting Permit User Sessions...
         Starting LXD - container startup/shutdown...
         Starting Snap Daemon...
[[0;32m  OK  [0m] Started System Logging Service.
[[0;32m  OK  [0m] Started Permit User Sessions.
[[0;32m  OK  [0m] Started Login Service.
[[0;32m  OK  [0m] Started Unattended Upgrades Shutdown.
         Starting Hold until boot process finishes up...
         Starting Terminate Plymouth Boot Screen...
         Starting Authorization Manager...
[[0;32m  OK  [0m] Started Hold until boot process finishes up.
         Starting Set console scheme...
[[0;32m  OK  [0m] Started Serial Getty on ttyS0.
[[0;32m  OK  [0m] Started Terminate Plymouth Boot Screen.
[[0;32m  OK  [0m] Started LSB: automatic crash report generation.
[[0;32m  OK  [0m] Started Set console scheme.
[[0;32m  OK  [0m] Created slice system-getty.slice.
[[0;32m  OK  [0m] Started Getty on tty1.
[[0;32m  OK  [0m] Reached target Login Prompts.
[[0;32m  OK  [0m] Started LSB: Record successful boot for GRUB.
[[0;32m  OK  [0m] Started LXD - container startup/shutdown.
[[0;32m  OK  [0m] Started Authorization Manager.
[[0;32m  OK  [0m] Started Accounts Service.
[[0;32m  OK  [0m] Started Virtualbox guest utils.
[[0;32m  OK  [0m] Started Dispatcher daemon for systemd-networkd.
[[0;32m  OK  [0m] Started Snap Daemon.
         Starting Wait until snapd is fully seeded...
         Starting Time & Date Service...
[[0;32m  OK  [0m] Started Time & Date Service.
[[0;32m  OK  [0m] Started Pollinate to seed the pseudo random number generator.
         Starting OpenBSD Secure Shell server...
[[0;32m  OK  [0m] Started OpenBSD Secure Shell server.
[[0;32m  OK  [0m] Created slice User Slice of vagrant.
         Starting User Manager for UID 1000...
[[0;32m  OK  [0m] Started Session 1 of user vagrant.
[[0;32m  OK  [0m] Started User Manager for UID 1000.
[[0;32m  OK  [0m] Started Wait until snapd is fully seeded.
         Starting Apply the settings specified in cloud-config...

Ubuntu 18.04.6 LTS ubuntu-bionic ttyS0

ubuntu-bionic login: [   25.609599] cloud-init[1310]: Cloud-init v. 22.3.4-0ubuntu1~18.04.1 running 'modules:config' at Tue, 08 Nov 2022 22:59:04 +0000. Up 24.93 seconds.
ci-info: no authorized SSH keys fingerprints found for user ubuntu.
<14>Nov  8 22:59:06 cloud-init: #############################################################
<14>Nov  8 22:59:06 cloud-init: -----BEGIN SSH HOST KEY FINGERPRINTS-----
<14>Nov  8 22:59:06 cloud-init: 1024 SHA256:c4yGUzd1bii6//qBFcaSpY724j606diNKlmbx/koTyk root@ubuntu-bionic (DSA)
<14>Nov  8 22:59:06 cloud-init: 256 SHA256:6KczGWxWZ8RIcX9mziYvAZT725eKLM2DWPHmarpAygg root@ubuntu-bionic (ECDSA)
<14>Nov  8 22:59:06 cloud-init: 256 SHA256:S5qXENL1VvuEoIr3JFoQ1Bz2eRWbCDKuJW8lpdJxvC4 root@ubuntu-bionic (ED25519)
<14>Nov  8 22:59:06 cloud-init: 2048 SHA256:93Kx5HfYe7319YgEqRtxjBiHqhCqGCOQWB3AwsRrMIQ root@ubuntu-bionic (RSA)
<14>Nov  8 22:59:06 cloud-init: -----END SSH HOST KEY FINGERPRINTS-----
<14>Nov  8 22:59:06 cloud-init: #############################################################
-----BEGIN SSH HOST KEY KEYS-----
ecdsa-sha2-nistp256 AAAAE2VjZHNhLXNoYTItbmlzdHAyNTYAAAAIbmlzdHAyNTYAAABBBPhRFgfYzvZhN/GZaQ3tR0XSWZIapX4hDMC+ro4NkuTRkbLTzxh5Hu7+rHaWsOfdVI/ZzVlgghivcC0ZJ0KDhVQ= root@ubuntu-bionic
ssh-ed25519 AAAAC3NzaC1lZDI1NTE5AAAAIH/aXHWsH9UQog/ZHboCSZUfrSHLSzTaDCgUiRUax/tJ root@ubuntu-bionic
ssh-rsa AAAAB3NzaC1yc2EAAAADAQABAAABAQCuBqjvjWBcUurN2TGGKX0fb4kuSYP0MECasnexirxuVVRGQeKucLXu3cVRaMEaW1GEe9Q++aNlH0QyZCeeA7iPZPAn6fESBQXiwS8ItY8fAW5QIaivKxdhv5XWk3mYvNvY6oZShAfTY0u3PKvwqBpruMUXltFky4WEbobNKsXC4t2MDuj0+FIX0k5hs7b5WgX5RnzVa2FXOHr5IFg7t9MbyWuAr4eJP6E7ImhMRyNEjrZJjxywkQo5hcDER5vFqc4nMuKvglvYCTFj5KDeRe5DwYFXGSqVnB6SCGGoD2XaeTmGYDC4UlvxmB/xL53F1MI6ygoxuZd153oPtV1VYr3F root@ubuntu-bionic
-----END SSH HOST KEY KEYS-----
[   26.840915] cloud-init[1463]: Cloud-init v. 22.3.4-0ubuntu1~18.04.1 running 'modules:final' at Tue, 08 Nov 2022 22:59:05 +0000. Up 26.55 seconds.
[   26.842834] cloud-init[1463]: Cloud-init v. 22.3.4-0ubuntu1~18.04.1 finished at Tue, 08 Nov 2022 22:59:06 +0000. Datasource DataSourceNoCloud [seed=/dev/sdb][dsmode=net].  Up 26.81 seconds
